EN key NULL "C:/Users/Luca/Documents/Personal Work/UNI/2020.21/HDL/Projects/PS2/PS2.vhd" sub00/vhpl00 1610036650
AR ps2 behavioral "C:/Users/Luca/Documents/Personal Work/UNI/2020.21/HDL/Projects/PS2/PS2.vhd" sub00/vhpl03 1610114422
EN ps2 NULL "C:/Users/Luca/Documents/Personal Work/UNI/2020.21/HDL/Projects/PS2/PS2.vhd" sub00/vhpl02 1610114421
AR key behavioral "C:/Users/Luca/Documents/Personal Work/UNI/2020.21/HDL/Projects/PS2/PS2.vhd" sub00/vhpl01 1610036651
